[demo.highhay.com/firetime/index-logo.html]
[backblue.gif]
[fade.gif]
[index.html]
[demo.highhay.com/firetime/fonts/opensans/stylesheet.css]
[demo.highhay.com/firetime/fonts/roboto/stylesheet.css]
[demo.highhay.com/firetime/fonts/ionicons.min.css]
[demo.highhay.com/firetime/css/pageloader.css]
[demo.highhay.com/firetime/css/foundation.min.css]
[demo.highhay.com/firetime/js/vendor/swiper.min.css]
[demo.highhay.com/firetime/js/vendor/jquery.fullpage.min.css]
[demo.highhay.com/firetime/js/vegas/vegas.min.css]
[demo.highhay.com/firetime/css/main.css]
[demo.highhay.com/firetime/js/vendor/modernizr-2.7.1.min.js]
[demo.highhay.com/firetime/img/logo.png]
[demo.highhay.com/firetime/index.html]
[demo.highhay.com/firetime/js/jquery.downCount.js]
[demo.highhay.com/firetime/js/particlejs/particles.min.js]
[demo.highhay.com/firetime/js/form_script.js]
[demo.highhay.com/firetime/index-logo.html]
[demo.highhay.com/firetime/fonts/opensans/OpenSans-Bold-webfont.eot]
[demo.highhay.com/firetime/js/main.js]
[demo.highhay.com/firetime/fonts/opensans/OpenSans-Bold-webfont.woff]
[demo.highhay.com/firetime/js/vendor/jquery-1.12.4.min.js]
[demo.highhay.com/firetime/fonts/opensans/OpenSans-Bold-webfontd41d.eot]
[demo.highhay.com/firetime/fonts/opensans/OpenSans-Bold-webfont.ttf]
[demo.highhay.com/firetime/fonts/opensans/OpenSans-Bold-webfont.svg]
[demo.highhay.com/firetime/fonts/opensans/opensans-light-webfont.eot]
[demo.highhay.com/firetime/fonts/opensans/opensans-light-webfont.woff]
[demo.highhay.com/firetime/js/vendor/all.js]
[demo.highhay.com/firetime/fonts/opensans/opensans-light-webfontd41d.eot]
[demo.highhay.com/firetime/fonts/opensans/opensans-light-webfont.ttf]
[demo.highhay.com/firetime/fonts/opensans/opensans-light-webfont.svg]
[demo.highhay.com/firetime/fonts/opensans/opensans-regular-webfont.eot]
[demo.highhay.com/firetime/fonts/opensans/opensans-regular-webfont.woff]
[demo.highhay.com/firetime/fonts/opensans/opensans-regular-webfont.ttf]
[demo.highhay.com/firetime/fonts/opensans/opensans-regular-webfontd41d.eot]
[demo.highhay.com/firetime/fonts/opensans/opensans-regular-webfont.svg]
[demo.highhay.com/firetime/fonts/opensans/stylesheet.css]
[demo.highhay.com/firetime/fonts/roboto/Roboto-Regular-webfont.woff]
[demo.highhay.com/firetime/fonts/roboto/Roboto-Bold-webfont.eot]
[demo.highhay.com/firetime/fonts/roboto/Roboto-Bold-webfont.woff]
[demo.highhay.com/firetime/fonts/roboto/Roboto-Bold-webfont.ttf]
[demo.highhay.com/firetime/fonts/roboto/Roboto-Bold-webfont.svg]
[demo.highhay.com/firetime/fonts/roboto/RobotoCondensed-Regular-webfont.eot]
[demo.highhay.com/firetime/fonts/roboto/RobotoCondensed-Regular-webfont.woff]
[demo.highhay.com/firetime/fonts/roboto/RobotoCondensed-Regular-webfont.ttf]
[demo.highhay.com/firetime/fonts/roboto/RobotoCondensed-Regular-webfontd41d.eot]
[demo.highhay.com/firetime/fonts/roboto/RobotoCondensed-Regular-webfont.svg]
[demo.highhay.com/firetime/fonts/roboto/RobotoCondensed-Bold-webfont.eot]
[demo.highhay.com/firetime/fonts/roboto/RobotoCondensed-Bold-webfont.woff]
[demo.highhay.com/firetime/fonts/roboto/RobotoCondensed-Bold-webfontd41d.eot]
[demo.highhay.com/firetime/fonts/roboto/RobotoCondensed-Bold-webfont.ttf]
[demo.highhay.com/firetime/fonts/roboto/RobotoCondensed-Bold-webfont.svg]
[demo.highhay.com/firetime/fonts/roboto/RobotoCondensed-Light-webfontd41d.eot]
[demo.highhay.com/firetime/fonts/roboto/RobotoCondensed-Light-webfont.woff]
[demo.highhay.com/firetime/fonts/roboto/stylesheet.css]
[demo.highhay.com/firetime/fonts/ionicons28b5.eot]
[demo.highhay.com/firetime/fonts/ionicons28b5.ttf]
[demo.highhay.com/firetime/fonts/ionicons28b5.woff]
[demo.highhay.com/firetime/fonts/ionicons.min.css]
[demo.highhay.com/firetime/fonts/ionicons28b5.svg]
[demo.highhay.com/firetime/css/pageloader.css]
[demo.highhay.com/firetime/css/foundation.min.css]
[demo.highhay.com/firetime/js/vendor/swiper.min.css]
[demo.highhay.com/firetime/js/vendor/jquery.fullpage.min.css]
[demo.highhay.com/firetime/js/vegas/overlays/02.png]
[demo.highhay.com/firetime/js/vegas/vegas.min.css]
[demo.highhay.com/firetime/img/bg-default.jpg]
[demo.highhay.com/firetime/css/main.css]
[demo.highhay.com/firetime/index.html]
[demo.highhay.com/firetime/fonts/opensans/OpenSans-Bold-webfont.svg]
[demo.highhay.com/firetime/fonts/opensans/opensans-light-webfont.svg]
[demo.highhay.com/firetime/fonts/opensans/opensans-regular-webfont.svg]
[demo.highhay.com/firetime/fonts/roboto/Roboto-Bold-webfont.svg]
[demo.highhay.com/firetime/fonts/roboto/RobotoCondensed-Regular-webfont.svg]
[demo.highhay.com/firetime/fonts/roboto/RobotoCondensed-Bold-webfont.svg]
[demo.highhay.com/firetime/js/particlejs/particles-init.js]
[demo.highhay.com/firetime/fonts/ionicons28b5.svg]
